C:/Users/brody/vscode_STMProjects/RedundantTempSensor/Core/Src/alerts.c:25:6:setSensorLeds	24	static
C:/Users/brody/vscode_STMProjects/RedundantTempSensor/Core/Src/alerts.c:46:6:setLEDValue	16	static
C:/Users/brody/vscode_STMProjects/RedundantTempSensor/Core/Src/alerts.c:58:6:shiftRegWrite	16	static
C:/Users/brody/vscode_STMProjects/RedundantTempSensor/Core/Src/alerts.c:64:6:buzzerOn	8	static
C:/Users/brody/vscode_STMProjects/RedundantTempSensor/Core/Src/alerts.c:68:6:buzzerOff	8	static
C:/Users/brody/vscode_STMProjects/RedundantTempSensor/Core/Src/alerts.c:72:6:activateBuzzer	16	static
C:/Users/brody/vscode_STMProjects/RedundantTempSensor/Core/Src/alerts.c:83:6:setBuzzer	24	static
C:/Users/brody/vscode_STMProjects/RedundantTempSensor/Core/Src/alerts.c:111:6:updateBuzzer	8	static
C:/Users/brody/vscode_STMProjects/RedundantTempSensor/Core/Src/alerts.c:118:6:setAlerts	16	static
