C:/Users/brody/vscode_STMProjects/RedundantTempSensor/Core/Src/alerts.c:24:6:setSensorLeds	24	static
C:/Users/brody/vscode_STMProjects/RedundantTempSensor/Core/Src/alerts.c:45:6:setLEDValue	16	static
C:/Users/brody/vscode_STMProjects/RedundantTempSensor/Core/Src/alerts.c:57:6:shiftRegWrite	16	static
C:/Users/brody/vscode_STMProjects/RedundantTempSensor/Core/Src/alerts.c:63:6:buzzerOn	8	static
C:/Users/brody/vscode_STMProjects/RedundantTempSensor/Core/Src/alerts.c:67:6:buzzerOff	8	static
C:/Users/brody/vscode_STMProjects/RedundantTempSensor/Core/Src/alerts.c:71:6:activateBuzzer	16	static
C:/Users/brody/vscode_STMProjects/RedundantTempSensor/Core/Src/alerts.c:82:6:setBuzzer	24	static
C:/Users/brody/vscode_STMProjects/RedundantTempSensor/Core/Src/alerts.c:110:6:updateBuzzer	8	static
C:/Users/brody/vscode_STMProjects/RedundantTempSensor/Core/Src/alerts.c:117:6:setAlerts	16	static
