C:/Users/brody/vscode_STMProjects/RedundantTempSensor/Core/Src/logging.c:19:6:logError	16	static
C:/Users/brody/vscode_STMProjects/RedundantTempSensor/Core/Src/logging.c:65:6:logData	24	static
C:/Users/brody/vscode_STMProjects/RedundantTempSensor/Core/Src/logging.c:87:6:logCurrentDateTime	104	static
C:/Users/brody/vscode_STMProjects/RedundantTempSensor/Core/Src/logging.c:110:13:fault_stringify	24	static
C:/Users/brody/vscode_STMProjects/RedundantTempSensor/Core/Src/logging.c:134:6:MISSING_SENSORS_MESSAGE	16	static
C:/Users/brody/vscode_STMProjects/RedundantTempSensor/Core/Src/logging.c:141:6:ALL_SENSOR_READS_MISSING_MESSAGE	8	static
C:/Users/brody/vscode_STMProjects/RedundantTempSensor/Core/Src/logging.c:146:6:SENSOR_READ_MISSING_MESSAGE	16	static
C:/Users/brody/vscode_STMProjects/RedundantTempSensor/Core/Src/logging.c:151:6:ALL_READS_MARKED_INVALID_MESSAGE	16	static
C:/Users/brody/vscode_STMProjects/RedundantTempSensor/Core/Src/logging.c:162:6:READ_ABOVE_BOUNDS_MESSAGE	16	static
C:/Users/brody/vscode_STMProjects/RedundantTempSensor/Core/Src/logging.c:167:6:READ_BELOW_BOUNDS_MESSAGE	16	static
C:/Users/brody/vscode_STMProjects/RedundantTempSensor/Core/Src/logging.c:172:6:READ_MARKED_AS_OUTLIER_MESSAGE	16	static
C:/Users/brody/vscode_STMProjects/RedundantTempSensor/Core/Src/logging.c:177:6:NOT_ENOUGH_LEDS_MESSAGE	8	static
C:/Users/brody/vscode_STMProjects/RedundantTempSensor/Core/Src/logging.c:182:6:UNRECOGNIZED_COMMAND_RECEIVED_MESSAGE	8	static
C:/Users/brody/vscode_STMProjects/RedundantTempSensor/Core/Src/logging.c:187:6:RTC_FORMATTING_ERROR_MESSAGE	8	static
