C:/Users/brody/vscode_STMProjects/RedundantTempSensor/cmake/stm32cubemx/../../Core/Inc/interrupts.h:22:11:SakamotoAlgo	32	static
C:/Users/brody/vscode_STMProjects/RedundantTempSensor/cmake/stm32cubemx/../../Core/Inc/interrupts.h:30:6:RTC_SetTime	32	static
C:/Users/brody/vscode_STMProjects/RedundantTempSensor/cmake/stm32cubemx/../../Core/Inc/interrupts.h:72:6:setTIMInterrupt	8	static
C:/Users/brody/vscode_STMProjects/RedundantTempSensor/cmake/stm32cubemx/../../Core/Inc/interrupts.h:77:6:setUSARTInterrupt	8	static
C:/Users/brody/vscode_STMProjects/RedundantTempSensor/cmake/stm32cubemx/../../Core/Inc/interrupts.h:88:6:HAL_TIM_PeriodElapsedCallback	16	static
C:/Users/brody/vscode_STMProjects/RedundantTempSensor/cmake/stm32cubemx/../../Core/Inc/interrupts.h:97:6:HAL_UART_RxCpltCallback	16	static
C:/Users/brody/vscode_STMProjects/RedundantTempSensor/Core/Src/main.c:100:5:main	8	static
C:/Users/brody/vscode_STMProjects/RedundantTempSensor/Core/Src/main.c:177:6:SystemClock_Config	96	static
C:/Users/brody/vscode_STMProjects/RedundantTempSensor/Core/Src/main.c:228:13:MX_I2C1_Init	8	static
C:/Users/brody/vscode_STMProjects/RedundantTempSensor/Core/Src/main.c:276:13:MX_RTC_Init	8	static
C:/Users/brody/vscode_STMProjects/RedundantTempSensor/Core/Src/main.c:311:13:MX_SPI1_Init	8	static
C:/Users/brody/vscode_STMProjects/RedundantTempSensor/Core/Src/main.c:351:13:MX_TIM16_Init	8	static
C:/Users/brody/vscode_STMProjects/RedundantTempSensor/Core/Src/main.c:383:13:MX_USART2_UART_Init	8	static
C:/Users/brody/vscode_STMProjects/RedundantTempSensor/Core/Src/main.c:418:13:MX_GPIO_Init	48	static
C:/Users/brody/vscode_STMProjects/RedundantTempSensor/Core/Src/main.c:560:6:prepNextSensorRead	8	static
C:/Users/brody/vscode_STMProjects/RedundantTempSensor/Core/Src/main.c:570:6:Error_Handler	4	static,ignoring_inline_asm
