C:/Users/brody/vscode_STMProjects/RedundantTempSensor/cmake/stm32cubemx/../../Core/Inc/interrupts.h:22:11:SakamotoAlgo	32	static
C:/Users/brody/vscode_STMProjects/RedundantTempSensor/cmake/stm32cubemx/../../Core/Inc/interrupts.h:30:6:RTC_SetTime	32	static
C:/Users/brody/vscode_STMProjects/RedundantTempSensor/cmake/stm32cubemx/../../Core/Inc/interrupts.h:72:6:setTIMInterrupt	8	static
C:/Users/brody/vscode_STMProjects/RedundantTempSensor/cmake/stm32cubemx/../../Core/Inc/interrupts.h:79:6:setUSARTInterrupt	8	static
C:/Users/brody/vscode_STMProjects/RedundantTempSensor/cmake/stm32cubemx/../../Core/Inc/interrupts.h:90:6:HAL_TIM_PeriodElapsedCallback	16	static
C:/Users/brody/vscode_STMProjects/RedundantTempSensor/cmake/stm32cubemx/../../Core/Inc/interrupts.h:99:6:HAL_UART_RxCpltCallback	16	static
C:/Users/brody/vscode_STMProjects/RedundantTempSensor/Core/Src/main.c:96:5:main	8	static
C:/Users/brody/vscode_STMProjects/RedundantTempSensor/Core/Src/main.c:166:6:SystemClock_Config	96	static
C:/Users/brody/vscode_STMProjects/RedundantTempSensor/Core/Src/main.c:217:13:MX_I2C1_Init	8	static
C:/Users/brody/vscode_STMProjects/RedundantTempSensor/Core/Src/main.c:265:13:MX_RTC_Init	8	static
C:/Users/brody/vscode_STMProjects/RedundantTempSensor/Core/Src/main.c:300:13:MX_SPI1_Init	8	static
C:/Users/brody/vscode_STMProjects/RedundantTempSensor/Core/Src/main.c:340:13:MX_TIM16_Init	8	static
C:/Users/brody/vscode_STMProjects/RedundantTempSensor/Core/Src/main.c:372:13:MX_USART2_UART_Init	8	static
C:/Users/brody/vscode_STMProjects/RedundantTempSensor/Core/Src/main.c:407:13:MX_GPIO_Init	48	static
C:/Users/brody/vscode_STMProjects/RedundantTempSensor/Core/Src/main.c:549:6:prepNextSensorRead	8	static
C:/Users/brody/vscode_STMProjects/RedundantTempSensor/Core/Src/main.c:559:6:Error_Handler	4	static,ignoring_inline_asm
